[ERROR] COMPILATION ERROR :
[ERROR] /C:/Users/sai nihar/.vscode/indianheritage/sanchari-backend/src/main/java/com/sanchari/backend/config/DataInitializer.java:[28,41] no suitable constructor found for Monument(<nulltype>,java.lang.String,java.lang.String,java.lang.String,java.lang.String,java.lang.String,java.lang.String,java.lang.String)
[ERROR] /C:/Users/sai nihar/.vscode/indianheritage/sanchari-backend/src/main/java/com/sanchari/backend/config/DataInitializer.java:[34,41] no suitable constructor found for Monument(<nulltype>,java.lang.String,java.lang.String,java.lang.String,java.lang.String,java.lang.String,java.lang.String,java.lang.String)
[ERROR] /C:/Users/sai nihar/.vscode/indianheritage/sanchari-backend/src/main/java/com/sanchari/backend/config/DataInitializer.java:[47,34] no suitable constructor found for ForumThread(<nulltype>,java.lang.String,java.lang.String,java.lang.String,int,java.lang.String,<nulltype>)
[ERROR] /C:/Users/sai nihar/.vscode/indianheritage/sanchari-backend/src/main/java/com/sanchari/backend/config/DataInitializer.java:[49,42] no suitable constructor found for ThreadMessage(<nulltype>,java.lang.String,java.lang.String,com.sanchari.backend.model.ForumThread)
[ERROR] /C:/Users/sai nihar/.vscode/indianheritage/sanchari-backend/src/main/java/com/sanchari/backend/config/DataInitializer.java:[50,42] no suitable constructor found for ThreadMessage(<nulltype>,java.lang.String,java.lang.String,com.sanchari.backend.model.ForumThread)
[ERROR] Failed to execute goal org.apache.maven.plugins:maven-compiler-plugin:3.11.0:compile (default-compile) on project backend: Compilation failure: Compilation failure:
[ERROR] /C:/Users/sai nihar/.vscode/indianheritage/sanchari-backend/src/main/java/com/sanchari/backend/config/DataInitializer.java:[28,41] no suitable constructor found for Monument(<nulltype>,java.lang.String,java.lang.String,java.lang.String,java.lang.String,java.lang.String,java.lang.String,java.lang.String)
[ERROR]     constructor com.sanchari.backend.model.Monument.Monument() is not applicable
[ERROR]       (actual and formal argument lists differ in length)
[ERROR]     constructor com.sanchari.backend.model.Monument.Monument(java.lang.Long,java.lang.String,java.lang.String,java.lang.String,java.lang.String,java.lang.String,java.lang.String,java.lang.String,com.sanchari.backend.model.User,java.time.LocalDateTime) is not applicable
[ERROR]       (actual and formal argument lists differ in length)
[ERROR] /C:/Users/sai nihar/.vscode/indianheritage/sanchari-backend/src/main/java/com/sanchari/backend/config/DataInitializer.java:[34,41] no suitable constructor found for Monument(<nulltype>,java.lang.String,java.lang.String,java.lang.String,java.lang.String,java.lang.String,java.lang.String,java.lang.String)
[ERROR]     constructor com.sanchari.backend.model.Monument.Monument() is not applicable
[ERROR]       (actual and formal argument lists differ in length)
[ERROR]     constructor com.sanchari.backend.model.Monument.Monument(java.lang.Long,java.lang.String,java.lang.String,java.lang.String,java.lang.String,java.lang.String,java.lang.String,java.lang.String,com.sanchari.backend.model.User,java.time.LocalDateTime) is not applicable
[ERROR]       (actual and formal argument lists differ in length)
[ERROR] /C:/Users/sai nihar/.vscode/indianheritage/sanchari-backend/src/main/java/com/sanchari/backend/config/DataInitializer.java:[47,34] no suitable constructor found for ForumThread(<nulltype>,java.lang.String,java.lang.String,java.lang.String,int,java.lang.String,<nulltype>)
[ERROR]     constructor com.sanchari.backend.model.ForumThread.ForumThread() is not applicable
[ERROR]       (actual and formal argument lists differ in length)
[ERROR]     constructor com.sanchari.backend.model.ForumThread.ForumThread(java.lang.Long,java.lang.String,java.lang.String,java.lang.String,java.lang.Integer,java.lang.String,java.util.List<com.sanchari.backend.model.ThreadMessage>,com.sanchari.backend.model.User,java.time.LocalDateTime) is not applicable
[ERROR]       (actual and formal argument lists differ in length)
[ERROR] /C:/Users/sai nihar/.vscode/indianheritage/sanchari-backend/src/main/java/com/sanchari/backend/config/DataInitializer.java:[49,42] no suitable constructor found for ThreadMessage(<nulltype>,java.lang.String,java.lang.String,com.sanchari.backend.model.ForumThread)
[ERROR]     constructor com.sanchari.backend.model.ThreadMessage.ThreadMessage() is not applicable
[ERROR]       (actual and formal argument lists differ in length)
[ERROR]     constructor com.sanchari.backend.model.ThreadMessage.ThreadMessage(java.lang.Long,java.lang.String,java.lang.String,com.sanchari.backend.model.ForumThread,com.sanchari.backend.model.User,java.time.LocalDateTime) is not applicable
[ERROR]       (actual and formal argument lists differ in length)
[ERROR] /C:/Users/sai nihar/.vscode/indianheritage/sanchari-backend/src/main/java/com/sanchari/backend/config/DataInitializer.java:[50,42] no suitable constructor found for ThreadMessage(<nulltype>,java.lang.String,java.lang.String,com.sanchari.backend.model.ForumThread)
[ERROR]     constructor com.sanchari.backend.model.ThreadMessage.ThreadMessage() is not applicable
[ERROR]       (actual and formal argument lists differ in length)
[ERROR]     constructor com.sanchari.backend.model.ThreadMessage.ThreadMessage(java.lang.Long,java.lang.String,java.lang.String,com.sanchari.backend.model.ForumThread,com.sanchari.backend.model.User,java.time.LocalDateTime) is not applicable
[ERROR]       (actual and formal argument lists differ in length)
[ERROR] -> [Help 1]
[ERROR]
[ERROR] To see the full stack trace of the errors, re-run Maven with the -e switch.
[ERROR] Re-run Maven using the -X switch to enable full debug logging.
[ERROR]
[ERROR] For more information about the errors and possible solutions, please read the following articles:
[ERROR] [Help 1] http://cwiki.apache.org/confluence/display/MAVEN/MojoFailureException